# serializer version: 1
# name: test_forecast_service[forecast_hourly]
  dict({
    'weather.home': dict({
      'forecast': list([
        dict({
          'condition': 'sunny',
          'datetime': '2025-09-15T15:00:00+00:00',
          'precipitation': 0.0,
          'temperature': 24.7,
          'templow': 24.7,
          'wind_speed': 14.4,
        }),
        dict({
          'condition': 'sunny',
          'datetime': '2025-09-15T16:00:00+00:00',
          'precipitation': 0.0,
          'temperature': 23.9,
          'templow': 23.9,
          'wind_speed': 9.96,
        }),
        dict({
          'condition': 'sunny',
          'datetime': '2025-09-15T17:00:00+00:00',
          'precipitation': 0.0,
          'temperature': 23.1,
          'templow': 23.1,
          'wind_speed': 6.84,
        }),
        dict({
          'condition': 'sunny',
          'datetime': '2025-09-15T18:00:00+00:00',
          'precipitation': 0.0,
          'temperature': 21.1,
          'templow': 21.1,
          'wind_speed': 4.83,
        }),
        dict({
          'condition': 'cloudy',
          'datetime': '2025-09-15T19:00:00+00:00',
          'precipitation': 0.0,
          'temperature': 18.7,
          'templow': 18.7,
          'wind_speed': 6.48,
        }),
        dict({
          'condition': 'lightning',
          'datetime': '2025-09-15T20:00:00+00:00',
          'precipitation': 0.5,
          'temperature': 18.6,
          'templow': 18.2,
          'wind_speed': 11.44,
        }),
        dict({
          'condition': 'lightning',
          'datetime': '2025-09-15T21:00:00+00:00',
          'precipitation': 1.25,
          'temperature': 17.8,
          'templow': 17.8,
          'wind_speed': 12.25,
        }),
        dict({
          'condition': 'cloudy',
          'datetime': '2025-09-15T22:00:00+00:00',
          'precipitation': 1.31,
          'temperature': 17.2,
          'templow': 17.2,
          'wind_speed': 4.1,
        }),
        dict({
          'condition': 'cloudy',
          'datetime': '2025-09-15T23:00:00+00:00',
          'precipitation': 1.31,
          'temperature': 17.0,
          'templow': 17.0,
          'wind_speed': 7.99,
        }),
        dict({
          'condition': 'cloudy',
          'datetime': '2025-09-16T00:00:00+00:00',
          'precipitation': 1.32,
          'temperature': 17.0,
          'templow': 17.0,
          'wind_speed': 7.42,
        }),
        dict({
          'condition': 'partlycloudy',
          'datetime': '2025-09-16T01:00:00+00:00',
          'precipitation': 1.32,
          'temperature': 16.9,
          'templow': 16.8,
          'wind_speed': 9.47,
        }),
        dict({
          'condition': 'cloudy',
          'datetime': '2025-09-16T02:00:00+00:00',
          'precipitation': 1.32,
          'temperature': 16.3,
          'templow': 16.3,
          'wind_speed': 10.79,
        }),
        dict({
          'condition': 'cloudy',
          'datetime': '2025-09-16T03:00:00+00:00',
          'precipitation': 1.32,
          'temperature': 15.9,
          'templow': 15.9,
          'wind_speed': 6.64,
        }),
        dict({
          'condition': 'cloudy',
          'datetime': '2025-09-16T04:00:00+00:00',
          'precipitation': 1.32,
          'temperature': 15.4,
          'templow': 15.4,
          'wind_speed': 7.2,
        }),
        dict({
          'condition': 'cloudy',
          'datetime': '2025-09-16T05:00:00+00:00',
          'precipitation': 1.32,
          'temperature': 14.9,
          'templow': 14.9,
          'wind_speed': 8.71,
        }),
        dict({
          'condition': 'cloudy',
          'datetime': '2025-09-16T06:00:00+00:00',
          'precipitation': 1.32,
          'temperature': 15.3,
          'templow': 14.9,
          'wind_speed': 8.76,
        }),
        dict({
          'condition': 'cloudy',
          'datetime': '2025-09-16T07:00:00+00:00',
          'precipitation': 1.32,
          'temperature': 15.9,
          'templow': 15.5,
          'wind_speed': 11.44,
        }),
        dict({
          'condition': 'cloudy',
          'datetime': '2025-09-16T08:00:00+00:00',
          'precipitation': 1.32,
          'temperature': 16.8,
          'templow': 15.9,
          'wind_speed': 19.81,
        }),
        dict({
          'condition': 'sunny',
          'datetime': '2025-09-16T09:00:00+00:00',
          'precipitation': 1.32,
          'temperature': 17.2,
          'templow': 16.7,
          'wind_speed': 20.93,
        }),
        dict({
          'condition': 'sunny',
          'datetime': '2025-09-16T10:00:00+00:00',
          'precipitation': 1.32,
          'temperature': 17.7,
          'templow': 17.3,
          'wind_speed': 22.1,
        }),
        dict({
          'condition': 'sunny',
          'datetime': '2025-09-16T11:00:00+00:00',
          'precipitation': 1.32,
          'temperature': 18.2,
          'templow': 17.7,
          'wind_speed': 22.25,
        }),
        dict({
          'condition': 'cloudy',
          'datetime': '2025-09-16T12:00:00+00:00',
          'precipitation': 1.32,
          'temperature': 18.6,
          'templow': 18.2,
          'wind_speed': 20.67,
        }),
        dict({
          'condition': 'cloudy',
          'datetime': '2025-09-16T13:00:00+00:00',
          'precipitation': 1.32,
          'temperature': 18.7,
          'templow': 18.6,
          'wind_speed': 21.71,
        }),
        dict({
          'condition': 'cloudy',
          'datetime': '2025-09-16T14:00:00+00:00',
          'precipitation': 1.32,
          'temperature': 18.7,
          'templow': 18.6,
          'wind_speed': 20.01,
        }),
        dict({
          'condition': 'cloudy',
          'datetime': '2025-09-16T15:00:00+00:00',
          'precipitation': 1.32,
          'temperature': 18.5,
          'templow': 18.5,
          'wind_speed': 18.84,
        }),
        dict({
          'condition': 'sunny',
          'datetime': '2025-09-16T16:00:00+00:00',
          'precipitation': 1.32,
          'temperature': 17.9,
          'templow': 17.9,
          'wind_speed': 18.53,
        }),
        dict({
          'condition': 'cloudy',
          'datetime': '2025-09-16T17:00:00+00:00',
          'precipitation': 1.32,
          'temperature': 17.5,
          'templow': 17.4,
          'wind_speed': 18.36,
        }),
        dict({
          'condition': 'cloudy',
          'datetime': '2025-09-16T18:00:00+00:00',
          'precipitation': 1.32,
          'temperature': 16.6,
          'templow': 16.6,
          'wind_speed': 17.7,
        }),
        dict({
          'condition': 'sunny',
          'datetime': '2025-09-16T19:00:00+00:00',
          'precipitation': 1.32,
          'temperature': 15.8,
          'templow': 15.8,
          'wind_speed': 15.86,
        }),
        dict({
          'condition': 'sunny',
          'datetime': '2025-09-16T20:00:00+00:00',
          'precipitation': 1.32,
          'temperature': 15.1,
          'templow': 15.1,
          'wind_speed': 14.76,
        }),
        dict({
          'condition': 'sunny',
          'datetime': '2025-09-16T21:00:00+00:00',
          'precipitation': 1.32,
          'temperature': 14.2,
          'templow': 14.2,
          'wind_speed': 11.72,
        }),
        dict({
          'condition': 'partlycloudy',
          'datetime': '2025-09-16T22:00:00+00:00',
          'precipitation': 1.32,
          'temperature': 13.4,
          'templow': 13.4,
          'wind_speed': 11.84,
        }),
        dict({
          'condition': 'cloudy',
          'datetime': '2025-09-16T23:00:00+00:00',
          'precipitation': 1.32,
          'temperature': 13.1,
          'templow': 13.1,
          'wind_speed': 12.92,
        }),
        dict({
          'condition': 'cloudy',
          'datetime': '2025-09-17T00:00:00+00:00',
          'precipitation': 1.32,
          'temperature': 13.4,
          'templow': 13.1,
          'wind_speed': 9.57,
        }),
        dict({
          'condition': 'cloudy',
          'datetime': '2025-09-17T01:00:00+00:00',
          'precipitation': 1.32,
          'temperature': 12.8,
          'templow': 12.8,
          'wind_speed': 11.18,
        }),
        dict({
          'condition': 'cloudy',
          'datetime': '2025-09-17T02:00:00+00:00',
          'precipitation': 1.32,
          'temperature': 13.2,
          'templow': 12.8,
          'wind_speed': 6.64,
        }),
        dict({
          'condition': 'rainy',
          'datetime': '2025-09-17T03:00:00+00:00',
          'precipitation': 1.47,
          'temperature': 12.8,
          'templow': 12.8,
          'wind_speed': 14.41,
        }),
        dict({
          'condition': 'cloudy',
          'datetime': '2025-09-17T04:00:00+00:00',
          'precipitation': 1.51,
          'temperature': 12.2,
          'templow': 12.2,
          'wind_speed': 10.37,
        }),
        dict({
          'condition': 'cloudy',
          'datetime': '2025-09-17T05:00:00+00:00',
          'precipitation': 1.51,
          'temperature': 11.5,
          'templow': 11.5,
          'wind_speed': 6.49,
        }),
        dict({
          'condition': 'cloudy',
          'datetime': '2025-09-17T06:00:00+00:00',
          'precipitation': 1.51,
          'temperature': 11.4,
          'templow': 11.3,
          'wind_speed': 7.99,
        }),
        dict({
          'condition': 'partlycloudy',
          'datetime': '2025-09-17T07:00:00+00:00',
          'precipitation': 1.51,
          'temperature': 12.7,
          'templow': 11.5,
          'wind_speed': 10.32,
        }),
        dict({
          'condition': 'cloudy',
          'datetime': '2025-09-17T08:00:00+00:00',
          'precipitation': 1.51,
          'temperature': 14.2,
          'templow': 12.9,
          'wind_speed': 11.59,
        }),
        dict({
          'condition': 'cloudy',
          'datetime': '2025-09-17T09:00:00+00:00',
          'precipitation': 1.51,
          'temperature': 15.1,
          'templow': 14.1,
          'wind_speed': 11.44,
        }),
        dict({
          'condition': 'cloudy',
          'datetime': '2025-09-17T10:00:00+00:00',
          'precipitation': 1.51,
          'temperature': 17.0,
          'templow': 15.2,
          'wind_speed': 16.56,
        }),
        dict({
          'condition': 'cloudy',
          'datetime': '2025-09-17T11:00:00+00:00',
          'precipitation': 1.51,
          'temperature': 17.7,
          'templow': 17.0,
          'wind_speed': 17.64,
        }),
        dict({
          'condition': 'partlycloudy',
          'datetime': '2025-09-17T12:00:00+00:00',
          'precipitation': 1.51,
          'temperature': 18.3,
          'templow': 17.7,
          'wind_speed': 17.31,
        }),
        dict({
          'condition': 'cloudy',
          'datetime': '2025-09-17T13:00:00+00:00',
          'precipitation': 1.51,
          'temperature': 18.7,
          'templow': 18.3,
          'wind_speed': 16.26,
        }),
        dict({
          'condition': 'cloudy',
          'datetime': '2025-09-17T14:00:00+00:00',
          'precipitation': 1.51,
          'temperature': 18.9,
          'templow': 18.7,
          'wind_speed': 14.8,
        }),
        dict({
          'condition': 'cloudy',
          'datetime': '2025-09-17T15:00:00+00:00',
          'precipitation': 1.51,
          'temperature': 18.9,
          'templow': 18.9,
          'wind_speed': 12.73,
        }),
        dict({
          'condition': 'cloudy',
          'datetime': '2025-09-17T16:00:00+00:00',
          'precipitation': 1.51,
          'temperature': 18.5,
          'templow': 18.5,
          'wind_speed': 9.83,
        }),
        dict({
          'condition': 'sunny',
          'datetime': '2025-09-17T17:00:00+00:00',
          'precipitation': 1.51,
          'temperature': 17.7,
          'templow': 17.7,
          'wind_speed': 9.03,
        }),
        dict({
          'condition': 'sunny',
          'datetime': '2025-09-17T18:00:00+00:00',
          'precipitation': 1.51,
          'temperature': 16.4,
          'templow': 16.4,
          'wind_speed': 6.16,
        }),
        dict({
          'condition': 'sunny',
          'datetime': '2025-09-17T19:00:00+00:00',
          'precipitation': 1.51,
          'temperature': 14.8,
          'templow': 14.8,
          'wind_speed': 6.19,
        }),
        dict({
          'condition': 'sunny',
          'datetime': '2025-09-17T20:00:00+00:00',
          'precipitation': 1.51,
          'temperature': 13.8,
          'templow': 13.8,
          'wind_speed': 6.62,
        }),
        dict({
          'condition': 'sunny',
          'datetime': '2025-09-17T21:00:00+00:00',
          'precipitation': 1.51,
          'temperature': 13.1,
          'templow': 13.1,
          'wind_speed': 7.2,
        }),
      ]),
    }),
  })
# ---
